[freakshow] transcript 1/1 (episode 2)
Warning: You are sending unauthenticated requests to the HF Hub. Please set a HF_TOKEN to enable higher rate limits and faster downloads.
[transformers] `torch_dtype` is deprecated! Use `dtype` instead!
Loading weights:   0%|          | 0/587 [00:00<?, ?it/s]Loading weights:   0%|          | 2/587 [00:00<01:24,  6.89it/s]Loading weights:  31%|███▏      | 184/587 [00:00<00:00, 544.97it/s]Loading weights:  45%|████▌     | 265/587 [00:00<00:00, 559.00it/s]Loading weights:  57%|█████▋    | 336/587 [00:00<00:00, 525.40it/s]Loading weights:  68%|██████▊   | 398/587 [00:00<00:00, 490.80it/s]Loading weights:  77%|███████▋  | 453/587 [00:00<00:00, 478.63it/s]Loading weights:  86%|████████▌ | 505/587 [00:01<00:00, 442.71it/s]Loading weights:  94%|█████████▍| 552/587 [00:01<00:00, 445.21it/s]Loading weights: 100%|██████████| 587/587 [00:01<00:00, 453.20it/s]
[transformers] `torch_dtype` is deprecated! Use `dtype` instead!
[transformers] Passing `generation_config` together with generation-related arguments=({'return_timestamps'}) is deprecated and will be removed in future versions. Please pass either a `generation_config` object OR all generation parameters explicitly, but not both.
[transformers] Using `chunk_length_s` is very experimental with seq2seq models. The results will not necessarily be entirely accurate and will have caveats. More information: https://github.com/huggingface/transformers/pull/20104. Ignore this warning with pipeline(..., ignore_warning=True). To use Whisper for long-form transcription, use rather the model's `generate` method directly as the model relies on it's own chunking mechanism (cf. Whisper original paper, section 3.8. Long-form Transcription).
[transformers] A custom logits processor of type <class 'transformers.generation.logits_process.SuppressTokensLogitsProcessor'> has been passed to `.generate()`, but it was also created in `.generate()`, given its parameterization. The custom <class 'transformers.generation.logits_process.SuppressTokensLogitsProcessor'> will take precedence. Please check the docstring of <class 'transformers.generation.logits_process.SuppressTokensLogitsProcessor'> to see related `.generate()` flags.
[transformers] A custom logits processor of type <class 'transformers.generation.logits_process.SuppressTokensAtBeginLogitsProcessor'> has been passed to `.generate()`, but it was also created in `.generate()`, given its parameterization. The custom <class 'transformers.generation.logits_process.SuppressTokensAtBeginLogitsProcessor'> will take precedence. Please check the docstring of <class 'transformers.generation.logits_process.SuppressTokensAtBeginLogitsProcessor'> to see related `.generate()` flags.
[transformers] Ignoring clean_up_tokenization_spaces=True for BPE tokenizer WhisperTokenizer. The clean_up_tokenization post-processing step is designed for WordPiece tokenizers and is destructive for BPE (it strips spaces before punctuation). Set clean_up_tokenization_spaces=False to suppress this warning, or set clean_up_tokenization_spaces_for_bpe_even_though_it_will_corrupt_output=True to force cleanup anyway.
    segment 1/23 done (12 cues)
    segment 2/23 done (36 cues)
    segment 3/23 done (47 cues)
    segment 4/23 done (61 cues)
[transformers] Whisper did not predict an ending timestamp, which can happen if audio is cut off in the middle of a word. Also make sure WhisperTimeStampLogitsProcessor was used during generation.
    segment 5/23 done (69 cues)
    segment 6/23 done (84 cues)
    segment 7/23 done (104 cues)
    segment 8/23 done (146 cues)
    segment 9/23 done (154 cues)
    segment 10/23 done (161 cues)
    segment 11/23 done (168 cues)
[transformers] Whisper did not predict an ending timestamp, which can happen if audio is cut off in the middle of a word. Also make sure WhisperTimeStampLogitsProcessor was used during generation.
    segment 12/23 done (188 cues)
[transformers] Whisper did not predict an ending timestamp, which can happen if audio is cut off in the middle of a word. Also make sure WhisperTimeStampLogitsProcessor was used during generation.
    segment 13/23 done (191 cues)
    segment 14/23 done (204 cues)
    segment 15/23 done (210 cues)
    segment 16/23 done (229 cues)
    segment 17/23 done (232 cues)
    segment 18/23 done (240 cues)
    segment 19/23 done (246 cues)
    segment 20/23 done (259 cues)
    segment 21/23 done (263 cues)
    segment 22/23 done (272 cues)
    segment 23/23 done (276 cues)

Synced freakshow: +0 new, 1 transcripts fetched, 0 without transcript, 0 errors.
